New user registration on your site Example Site:

Username: myuser

Email: myuser@example.org
