Hi username,<br/><br/> new comment have been posted by the <em><strong>Other Username</em></strong> on the discussion section you've been interested in<br/><br/><a href="http://example.org/sample-post/?autologin=123~mockpassw0rd#comment-249">http://example.org/sample-post/#comment-249</a><br/><br/>Lorem ipsum dolor sit amet.<br/><br/><a href="http://example.org/sample-post/?wpdiscuzUrlAnchor&wpdiscuzSubscribeID=147&key=8ee50c0dadf35ebd0577fa9a4d201262&autologin=123~mockpassw0rd#wc_unsubscribe_message">Unsubscribe</a>