Congratulation! Your submission has been approved. You can see it here: http://example.org/2019/07/example-post/?autologin=123~mockpassw0rd